<?xml version="1.0" encoding="ISO-8859-1" ?>
<link_info>
   <banner>TMS320C2000 Linker PC v22.6.0.LTS</banner>
   <copyright>Copyright (c) 1996-2018 Texas Instruments Incorporated</copyright>
   <link_time>0x63595e3e</link_time>
   <link_errors>0x0</link_errors>
   <output_file>SPWM_LAUNCHXL-F28027.out</output_file>
   <entry_point>
      <name>_c_int00</name>
      <address>0x83b2</address>
   </entry_point>
   <input_file_list>
      <input_file id="fl-2">
         <path>.\</path>
         <kind>object</kind>
         <file>F2802x_GlobalVariableDefs.obj</file>
         <name>F2802x_GlobalVariableDefs.obj</name>
      </input_file>
      <input_file id="fl-3">
         <path>.\</path>
         <kind>object</kind>
         <file>Peripheral_Setup.obj</file>
         <name>Peripheral_Setup.obj</name>
      </input_file>
      <input_file id="fl-4">
         <path>.\</path>
         <kind>object</kind>
         <file>f2802x_codestartbranch.obj</file>
         <name>f2802x_codestartbranch.obj</name>
      </input_file>
      <input_file id="fl-5">
         <path>.\</path>
         <kind>object</kind>
         <file>f2802x_cputimers.obj</file>
         <name>f2802x_cputimers.obj</name>
      </input_file>
      <input_file id="fl-6">
         <path>.\</path>
         <kind>object</kind>
         <file>f2802x_defaultisr.obj</file>
         <name>f2802x_defaultisr.obj</name>
      </input_file>
      <input_file id="fl-7">
         <path>.\</path>
         <kind>object</kind>
         <file>f2802x_gpio.obj</file>
         <name>f2802x_gpio.obj</name>
      </input_file>
      <input_file id="fl-8">
         <path>.\</path>
         <kind>object</kind>
         <file>f2802x_piectrl.obj</file>
         <name>f2802x_piectrl.obj</name>
      </input_file>
      <input_file id="fl-9">
         <path>.\</path>
         <kind>object</kind>
         <file>f2802x_pievect.obj</file>
         <name>f2802x_pievect.obj</name>
      </input_file>
      <input_file id="fl-a">
         <path>.\</path>
         <kind>object</kind>
         <file>f2802x_sysctrl.obj</file>
         <name>f2802x_sysctrl.obj</name>
      </input_file>
      <input_file id="fl-b">
         <path>.\</path>
         <kind>object</kind>
         <file>f2802x_usdelay.obj</file>
         <name>f2802x_usdelay.obj</name>
      </input_file>
      <input_file id="fl-c">
         <path>.\</path>
         <kind>object</kind>
         <file>main.obj</file>
         <name>main.obj</name>
      </input_file>
      <input_file id="fl-11">
         <kind>object</kind>
         <file>&lt;internal&gt;</file>
         <name>&lt;internal&gt;</name>
      </input_file>
      <input_file id="fl-1d">
         <path>C:\ti\ccs1210\ccs\tools\compiler\ti-cgt-c2000_22.6.0.LTS\lib\</path>
         <kind>archive</kind>
         <file>rts2800_ml.lib</file>
         <name>boot28.asm.obj</name>
      </input_file>
      <input_file id="fl-1e">
         <path>C:\ti\ccs1210\ccs\tools\compiler\ti-cgt-c2000_22.6.0.LTS\lib\</path>
         <kind>archive</kind>
         <file>rts2800_ml.lib</file>
         <name>fs_mpy28.asm.obj</name>
      </input_file>
      <input_file id="fl-1f">
         <path>C:\ti\ccs1210\ccs\tools\compiler\ti-cgt-c2000_22.6.0.LTS\lib\</path>
         <kind>archive</kind>
         <file>rts2800_ml.lib</file>
         <name>fs_tol28.asm.obj</name>
      </input_file>
      <input_file id="fl-20">
         <path>C:\ti\ccs1210\ccs\tools\compiler\ti-cgt-c2000_22.6.0.LTS\lib\</path>
         <kind>archive</kind>
         <file>rts2800_ml.lib</file>
         <name>cpy_tbl.c.obj</name>
      </input_file>
      <input_file id="fl-21">
         <path>C:\ti\ccs1210\ccs\tools\compiler\ti-cgt-c2000_22.6.0.LTS\lib\</path>
         <kind>archive</kind>
         <file>rts2800_ml.lib</file>
         <name>memcpy.c.obj</name>
      </input_file>
      <input_file id="fl-22">
         <path>C:\ti\ccs1210\ccs\tools\compiler\ti-cgt-c2000_22.6.0.LTS\lib\</path>
         <kind>archive</kind>
         <file>rts2800_ml.lib</file>
         <name>pre_init.c.obj</name>
      </input_file>
      <input_file id="fl-23">
         <path>C:\ti\ccs1210\ccs\tools\compiler\ti-cgt-c2000_22.6.0.LTS\lib\</path>
         <kind>archive</kind>
         <file>rts2800_ml.lib</file>
         <name>startup.c.obj</name>
      </input_file>
      <input_file id="fl-24">
         <path>C:\ti\ccs1210\ccs\tools\compiler\ti-cgt-c2000_22.6.0.LTS\lib\</path>
         <kind>archive</kind>
         <file>rts2800_ml.lib</file>
         <name>exit.c.obj</name>
      </input_file>
      <input_file id="fl-25">
         <path>C:\ti\ccs1210\ccs\tools\compiler\ti-cgt-c2000_22.6.0.LTS\lib\</path>
         <kind>archive</kind>
         <file>rts2800_ml.lib</file>
         <name>_lock.c.obj</name>
      </input_file>
      <input_file id="fl-26">
         <path>C:\ti\ccs1210\ccs\tools\compiler\ti-cgt-c2000_22.6.0.LTS\lib\</path>
         <kind>archive</kind>
         <file>rts2800_ml.lib</file>
         <name>args_main.c.obj</name>
      </input_file>
   </input_file_list>
   <object_component_list>
      <object_component id="oc-5d">
         <name>codestart</name>
         <load_address>0x0</load_address>
         <run_address>0x0</run_address>
         <size>0x2</size>
         <input_file_ref idref="fl-4"/>
      </object_component>
      <object_component id="oc-d0">
         <name>.text</name>
         <load_address>0x8000</load_address>
         <run_address>0x8000</run_address>
         <size>0x138</size>
         <input_file_ref idref="fl-a"/>
      </object_component>
      <object_component id="oc-69">
         <name>.text:retain</name>
         <load_address>0x8138</load_address>
         <run_address>0x8138</run_address>
         <size>0xff</size>
         <input_file_ref idref="fl-6"/>
      </object_component>
      <object_component id="oc-d3">
         <name>.text</name>
         <load_address>0x8237</load_address>
         <run_address>0x8237</run_address>
         <size>0xae</size>
         <input_file_ref idref="fl-3"/>
      </object_component>
      <object_component id="oc-d4">
         <name>.text</name>
         <load_address>0x82e5</load_address>
         <run_address>0x82e5</run_address>
         <size>0x73</size>
         <input_file_ref idref="fl-5"/>
      </object_component>
      <object_component id="oc-95">
         <name>.text</name>
         <load_address>0x8358</load_address>
         <run_address>0x8358</run_address>
         <size>0x5a</size>
         <input_file_ref idref="fl-1e"/>
      </object_component>
      <object_component id="oc-33">
         <name>.text</name>
         <load_address>0x83b2</load_address>
         <run_address>0x83b2</run_address>
         <size>0x54</size>
         <input_file_ref idref="fl-1d"/>
      </object_component>
      <object_component id="oc-cd">
         <name>.text</name>
         <load_address>0x8406</load_address>
         <run_address>0x8406</run_address>
         <size>0x4b</size>
         <input_file_ref idref="fl-c"/>
      </object_component>
      <object_component id="oc-8a">
         <name>.text:retain</name>
         <load_address>0x8451</load_address>
         <run_address>0x8451</run_address>
         <size>0x3f</size>
         <input_file_ref idref="fl-c"/>
      </object_component>
      <object_component id="oc-c8">
         <name>.text</name>
         <load_address>0x8490</load_address>
         <run_address>0x8490</run_address>
         <size>0x29</size>
         <input_file_ref idref="fl-24"/>
      </object_component>
      <object_component id="oc-9a">
         <name>.text</name>
         <load_address>0x84b9</load_address>
         <run_address>0x84b9</run_address>
         <size>0x29</size>
         <input_file_ref idref="fl-1f"/>
      </object_component>
      <object_component id="oc-d1">
         <name>.text</name>
         <load_address>0x84e2</load_address>
         <run_address>0x84e2</run_address>
         <size>0x28</size>
         <input_file_ref idref="fl-8"/>
      </object_component>
      <object_component id="oc-d2">
         <name>.text</name>
         <load_address>0x850a</load_address>
         <run_address>0x850a</run_address>
         <size>0x26</size>
         <input_file_ref idref="fl-9"/>
      </object_component>
      <object_component id="oc-c5">
         <name>.text</name>
         <load_address>0x8530</load_address>
         <run_address>0x8530</run_address>
         <size>0x24</size>
         <input_file_ref idref="fl-20"/>
      </object_component>
      <object_component id="oc-cc">
         <name>.text</name>
         <load_address>0x8554</load_address>
         <run_address>0x8554</run_address>
         <size>0x1d</size>
         <input_file_ref idref="fl-21"/>
      </object_component>
      <object_component id="oc-c7">
         <name>.text</name>
         <load_address>0x8571</load_address>
         <run_address>0x8571</run_address>
         <size>0x11</size>
         <input_file_ref idref="fl-26"/>
      </object_component>
      <object_component id="oc-d5">
         <name>.text</name>
         <load_address>0x8582</load_address>
         <run_address>0x8582</run_address>
         <size>0x9</size>
         <input_file_ref idref="fl-25"/>
      </object_component>
      <object_component id="oc-5c">
         <name>.text</name>
         <load_address>0x858b</load_address>
         <run_address>0x858b</run_address>
         <size>0x8</size>
         <input_file_ref idref="fl-4"/>
      </object_component>
      <object_component id="oc-c4">
         <name>.text</name>
         <load_address>0x8593</load_address>
         <run_address>0x8593</run_address>
         <size>0x2</size>
         <input_file_ref idref="fl-22"/>
      </object_component>
      <object_component id="oc-c6">
         <name>.text</name>
         <load_address>0x8595</load_address>
         <run_address>0x8595</run_address>
         <size>0x1</size>
         <input_file_ref idref="fl-23"/>
      </object_component>
      <object_component id="oc-ca">
         <name>.cinit:_sine_table</name>
         <load_address>0x50</load_address>
         <run_address>0x50</run_address>
         <size>0x80</size>
         <input_file_ref idref="fl-c"/>
      </object_component>
      <object_component id="oc-b4">
         <name>.cinit</name>
         <load_address>0xd0</load_address>
         <run_address>0xd0</run_address>
         <size>0xe</size>
         <input_file_ref idref="fl-24"/>
      </object_component>
      <object_component id="oc-88">
         <name>.cinit</name>
         <load_address>0xde</load_address>
         <run_address>0xde</run_address>
         <size>0x9</size>
         <input_file_ref idref="fl-c"/>
      </object_component>
      <object_component id="oc-cf">
         <name>.cinit:__lock</name>
         <load_address>0xe7</load_address>
         <run_address>0xe7</run_address>
         <size>0x5</size>
         <input_file_ref idref="fl-25"/>
      </object_component>
      <object_component id="oc-d6">
         <name>.cinit:__unlock</name>
         <load_address>0xec</load_address>
         <run_address>0xec</run_address>
         <size>0x5</size>
         <input_file_ref idref="fl-25"/>
      </object_component>
      <object_component id="oc-90">
         <name>.reset</name>
         <load_address>0x3fffc0</load_address>
         <run_address>0x3fffc0</run_address>
         <size>0x2</size>
         <input_file_ref idref="fl-1d"/>
      </object_component>
      <object_component id="oc-8f">
         <name>.stack</name>
         <uninitialized>true</uninitialized>
         <run_address>0x400</run_address>
         <size>0x0</size>
         <input_file_ref idref="fl-1d"/>
      </object_component>
      <object_component id="oc-115">
         <name>.stack</name>
         <uninitialized>true</uninitialized>
         <run_address>0x400</run_address>
         <size>0x0</size>
      </object_component>
      <object_component id="oc-63">
         <name>.ebss</name>
         <uninitialized>true</uninitialized>
         <run_address>0x89e4</run_address>
         <size>0x18</size>
         <input_file_ref idref="fl-5"/>
      </object_component>
      <object_component id="oc-89">
         <name>.ebss</name>
         <uninitialized>true</uninitialized>
         <run_address>0x89fc</run_address>
         <size>0x4</size>
         <input_file_ref idref="fl-c"/>
      </object_component>
      <object_component id="oc-cb">
         <name>.ebss:_pwm</name>
         <uninitialized>true</uninitialized>
         <run_address>0x8980</run_address>
         <size>0x64</size>
         <input_file_ref idref="fl-c"/>
      </object_component>
      <object_component id="oc-c9">
         <name>.ebss:_sine_table</name>
         <uninitialized>true</uninitialized>
         <run_address>0x8900</run_address>
         <size>0x7d</size>
         <input_file_ref idref="fl-c"/>
      </object_component>
      <object_component id="oc-b5">
         <name>.ebss</name>
         <uninitialized>true</uninitialized>
         <run_address>0x8a00</run_address>
         <size>0x6</size>
         <input_file_ref idref="fl-24"/>
      </object_component>
      <object_component id="oc-ce">
         <name>.ebss:__lock</name>
         <uninitialized>true</uninitialized>
         <run_address>0x897e</run_address>
         <size>0x2</size>
         <input_file_ref idref="fl-25"/>
      </object_component>
      <object_component id="oc-d8">
         <name>.ebss:__unlock</name>
         <uninitialized>true</uninitialized>
         <run_address>0x8a06</run_address>
         <size>0x2</size>
         <input_file_ref idref="fl-25"/>
      </object_component>
      <object_component id="oc-d7">
         <name>.econst:_PieVectTableInit</name>
         <load_address>0x8a08</load_address>
         <run_address>0x8a08</run_address>
         <size>0x100</size>
         <input_file_ref idref="fl-9"/>
      </object_component>
      <object_component id="oc-55">
         <name>PieVectTableFile</name>
         <uninitialized>true</uninitialized>
         <run_address>0xd00</run_address>
         <size>0x100</size>
         <input_file_ref idref="fl-2"/>
      </object_component>
      <object_component id="oc-36">
         <name>EmuKeyVar</name>
         <uninitialized>true</uninitialized>
         <run_address>0xd00</run_address>
         <size>0x1</size>
         <input_file_ref idref="fl-2"/>
      </object_component>
      <object_component id="oc-37">
         <name>EmuBModeVar</name>
         <uninitialized>true</uninitialized>
         <run_address>0xd01</run_address>
         <size>0x1</size>
         <input_file_ref idref="fl-2"/>
      </object_component>
      <object_component id="oc-39">
         <name>FlashCallbackVar</name>
         <uninitialized>true</uninitialized>
         <run_address>0xd02</run_address>
         <size>0x2</size>
         <input_file_ref idref="fl-2"/>
      </object_component>
      <object_component id="oc-38">
         <name>FlashScalingVar</name>
         <uninitialized>true</uninitialized>
         <run_address>0xd04</run_address>
         <size>0x2</size>
         <input_file_ref idref="fl-2"/>
      </object_component>
      <object_component id="oc-3b">
         <name>DevEmuRegsFile</name>
         <uninitialized>true</uninitialized>
         <run_address>0x880</run_address>
         <size>0x4</size>
         <input_file_ref idref="fl-2"/>
      </object_component>
      <object_component id="oc-3a">
         <name>SysPwrCtrlRegsFile</name>
         <uninitialized>true</uninitialized>
         <run_address>0x985</run_address>
         <size>0x3</size>
         <input_file_ref idref="fl-2"/>
      </object_component>
      <object_component id="oc-40">
         <name>FlashRegsFile</name>
         <uninitialized>true</uninitialized>
         <run_address>0xa80</run_address>
         <size>0x8</size>
         <input_file_ref idref="fl-2"/>
      </object_component>
      <object_component id="oc-42">
         <name>CsmRegsFile</name>
         <uninitialized>true</uninitialized>
         <run_address>0xae0</run_address>
         <size>0x10</size>
         <input_file_ref idref="fl-2"/>
      </object_component>
      <object_component id="oc-4b">
         <name>AdcResultFile</name>
         <uninitialized>true</uninitialized>
         <run_address>0xb00</run_address>
         <size>0x20</size>
         <input_file_ref idref="fl-2"/>
      </object_component>
      <object_component id="oc-3c">
         <name>CpuTimer0RegsFile</name>
         <uninitialized>true</uninitialized>
         <run_address>0xc00</run_address>
         <size>0x8</size>
         <input_file_ref idref="fl-2"/>
      </object_component>
      <object_component id="oc-3d">
         <name>CpuTimer1RegsFile</name>
         <uninitialized>true</uninitialized>
         <run_address>0xc08</run_address>
         <size>0x8</size>
         <input_file_ref idref="fl-2"/>
      </object_component>
      <object_component id="oc-3e">
         <name>CpuTimer2RegsFile</name>
         <uninitialized>true</uninitialized>
         <run_address>0xc10</run_address>
         <size>0x8</size>
         <input_file_ref idref="fl-2"/>
      </object_component>
      <object_component id="oc-49">
         <name>PieCtrlRegsFile</name>
         <uninitialized>true</uninitialized>
         <run_address>0xce0</run_address>
         <size>0x1a</size>
         <input_file_ref idref="fl-2"/>
      </object_component>
      <object_component id="oc-4c">
         <name>ECap1RegsFile</name>
         <uninitialized>true</uninitialized>
         <run_address>0x6a00</run_address>
         <size>0x20</size>
         <input_file_ref idref="fl-2"/>
      </object_component>
      <object_component id="oc-53">
         <name>GpioCtrlRegsFile</name>
         <uninitialized>true</uninitialized>
         <run_address>0x6f80</run_address>
         <size>0x40</size>
         <input_file_ref idref="fl-2"/>
      </object_component>
      <object_component id="oc-4d">
         <name>GpioDataRegsFile</name>
         <uninitialized>true</uninitialized>
         <run_address>0x6fc0</run_address>
         <size>0x20</size>
         <input_file_ref idref="fl-2"/>
      </object_component>
      <object_component id="oc-41">
         <name>GpioIntRegsFile</name>
         <uninitialized>true</uninitialized>
         <run_address>0x6fe0</run_address>
         <size>0xa</size>
         <input_file_ref idref="fl-2"/>
      </object_component>
      <object_component id="oc-4a">
         <name>SysCtrlRegsFile</name>
         <uninitialized>true</uninitialized>
         <run_address>0x7010</run_address>
         <size>0x1f</size>
         <input_file_ref idref="fl-2"/>
      </object_component>
      <object_component id="oc-45">
         <name>SpiaRegsFile</name>
         <uninitialized>true</uninitialized>
         <run_address>0x7040</run_address>
         <size>0x10</size>
         <input_file_ref idref="fl-2"/>
      </object_component>
      <object_component id="oc-44">
         <name>SciaRegsFile</name>
         <uninitialized>true</uninitialized>
         <run_address>0x7050</run_address>
         <size>0x10</size>
         <input_file_ref idref="fl-2"/>
      </object_component>
      <object_component id="oc-43">
         <name>NmiIntruptRegsFile</name>
         <uninitialized>true</uninitialized>
         <run_address>0x7060</run_address>
         <size>0x10</size>
         <input_file_ref idref="fl-2"/>
      </object_component>
      <object_component id="oc-46">
         <name>XIntruptRegsFile</name>
         <uninitialized>true</uninitialized>
         <run_address>0x7070</run_address>
         <size>0x10</size>
         <input_file_ref idref="fl-2"/>
      </object_component>
      <object_component id="oc-54">
         <name>AdcRegsFile</name>
         <uninitialized>true</uninitialized>
         <run_address>0x7100</run_address>
         <size>0x51</size>
         <input_file_ref idref="fl-2"/>
      </object_component>
      <object_component id="oc-4e">
         <name>I2caRegsFile</name>
         <uninitialized>true</uninitialized>
         <run_address>0x7900</run_address>
         <size>0x22</size>
         <input_file_ref idref="fl-2"/>
      </object_component>
      <object_component id="oc-47">
         <name>Comp1RegsFile</name>
         <uninitialized>true</uninitialized>
         <run_address>0x6400</run_address>
         <size>0x11</size>
         <input_file_ref idref="fl-2"/>
      </object_component>
      <object_component id="oc-48">
         <name>Comp2RegsFile</name>
         <uninitialized>true</uninitialized>
         <run_address>0x6420</run_address>
         <size>0x11</size>
         <input_file_ref idref="fl-2"/>
      </object_component>
      <object_component id="oc-4f">
         <name>EPwm1RegsFile</name>
         <uninitialized>true</uninitialized>
         <run_address>0x6800</run_address>
         <size>0x40</size>
         <input_file_ref idref="fl-2"/>
      </object_component>
      <object_component id="oc-50">
         <name>EPwm2RegsFile</name>
         <uninitialized>true</uninitialized>
         <run_address>0x6840</run_address>
         <size>0x40</size>
         <input_file_ref idref="fl-2"/>
      </object_component>
      <object_component id="oc-51">
         <name>EPwm3RegsFile</name>
         <uninitialized>true</uninitialized>
         <run_address>0x6880</run_address>
         <size>0x40</size>
         <input_file_ref idref="fl-2"/>
      </object_component>
      <object_component id="oc-52">
         <name>EPwm4RegsFile</name>
         <uninitialized>true</uninitialized>
         <run_address>0x68c0</run_address>
         <size>0x40</size>
         <input_file_ref idref="fl-2"/>
      </object_component>
      <object_component id="oc-3f">
         <name>CsmPwlFile</name>
         <uninitialized>true</uninitialized>
         <run_address>0x3f7ff8</run_address>
         <size>0x8</size>
         <input_file_ref idref="fl-2"/>
      </object_component>
      <object_component id="oc-35">
         <name>PartIdRegsFile</name>
         <uninitialized>true</uninitialized>
         <run_address>0x3d7fff</run_address>
         <size>0x1</size>
         <input_file_ref idref="fl-2"/>
      </object_component>
      <object_component id="oc-34">
         <name>.debug_info</name>
         <load_address>0x0</load_address>
         <run_address>0x0</run_address>
         <size>0xb110</size>
         <input_file_ref idref="fl-2"/>
      </object_component>
      <object_component id="oc-57">
         <name>.debug_info</name>
         <load_address>0xb110</load_address>
         <run_address>0xb110</run_address>
         <size>0x4242</size>
         <input_file_ref idref="fl-3"/>
      </object_component>
      <object_component id="oc-5f">
         <name>.debug_info</name>
         <load_address>0xf352</load_address>
         <run_address>0xf352</run_address>
         <size>0x1ee</size>
         <input_file_ref idref="fl-4"/>
      </object_component>
      <object_component id="oc-62">
         <name>.debug_info</name>
         <load_address>0xf540</load_address>
         <run_address>0xf540</run_address>
         <size>0xa8f</size>
         <input_file_ref idref="fl-5"/>
      </object_component>
      <object_component id="oc-68">
         <name>.debug_info</name>
         <load_address>0xffcf</load_address>
         <run_address>0xffcf</run_address>
         <size>0x2e1c</size>
         <input_file_ref idref="fl-6"/>
      </object_component>
      <object_component id="oc-6e">
         <name>.debug_info</name>
         <load_address>0x12deb</load_address>
         <run_address>0x12deb</run_address>
         <size>0x13f4</size>
         <input_file_ref idref="fl-7"/>
      </object_component>
      <object_component id="oc-73">
         <name>.debug_info</name>
         <load_address>0x141df</load_address>
         <run_address>0x141df</run_address>
         <size>0xbff</size>
         <input_file_ref idref="fl-8"/>
      </object_component>
      <object_component id="oc-78">
         <name>.debug_info</name>
         <load_address>0x14dde</load_address>
         <run_address>0x14dde</run_address>
         <size>0x1f7b</size>
         <input_file_ref idref="fl-9"/>
      </object_component>
      <object_component id="oc-7d">
         <name>.debug_info</name>
         <load_address>0x16d59</load_address>
         <run_address>0x16d59</run_address>
         <size>0x3404</size>
         <input_file_ref idref="fl-a"/>
      </object_component>
      <object_component id="oc-84">
         <name>.debug_info</name>
         <load_address>0x1a15d</load_address>
         <run_address>0x1a15d</run_address>
         <size>0x179</size>
         <input_file_ref idref="fl-b"/>
      </object_component>
      <object_component id="oc-87">
         <name>.debug_info</name>
         <load_address>0x1a2d6</load_address>
         <run_address>0x1a2d6</run_address>
         <size>0x478a</size>
         <input_file_ref idref="fl-c"/>
      </object_component>
      <object_component id="oc-91">
         <name>.debug_info</name>
         <load_address>0x1ea60</load_address>
         <run_address>0x1ea60</run_address>
         <size>0x173</size>
         <input_file_ref idref="fl-1d"/>
      </object_component>
      <object_component id="oc-96">
         <name>.debug_info</name>
         <load_address>0x1ebd3</load_address>
         <run_address>0x1ebd3</run_address>
         <size>0x114</size>
         <input_file_ref idref="fl-1e"/>
      </object_component>
      <object_component id="oc-9b">
         <name>.debug_info</name>
         <load_address>0x1ece7</load_address>
         <run_address>0x1ece7</run_address>
         <size>0x120</size>
         <input_file_ref idref="fl-1f"/>
      </object_component>
      <object_component id="oc-9f">
         <name>.debug_info</name>
         <load_address>0x1ee07</load_address>
         <run_address>0x1ee07</run_address>
         <size>0x4fa</size>
         <input_file_ref idref="fl-20"/>
      </object_component>
      <object_component id="oc-a4">
         <name>.debug_info</name>
         <load_address>0x1f301</load_address>
         <run_address>0x1f301</run_address>
         <size>0x3d3</size>
         <input_file_ref idref="fl-21"/>
      </object_component>
      <object_component id="oc-a9">
         <name>.debug_info</name>
         <load_address>0x1f6d4</load_address>
         <run_address>0x1f6d4</run_address>
         <size>0x346</size>
         <input_file_ref idref="fl-22"/>
      </object_component>
      <object_component id="oc-ae">
         <name>.debug_info</name>
         <load_address>0x1fa1a</load_address>
         <run_address>0x1fa1a</run_address>
         <size>0x343</size>
         <input_file_ref idref="fl-23"/>
      </object_component>
      <object_component id="oc-b3">
         <name>.debug_info</name>
         <load_address>0x1fd5d</load_address>
         <run_address>0x1fd5d</run_address>
         <size>0x4dd</size>
         <input_file_ref idref="fl-24"/>
      </object_component>
      <object_component id="oc-ba">
         <name>.debug_info</name>
         <load_address>0x2023a</load_address>
         <run_address>0x2023a</run_address>
         <size>0x465</size>
         <input_file_ref idref="fl-25"/>
      </object_component>
      <object_component id="oc-bf">
         <name>.debug_info</name>
         <load_address>0x2069f</load_address>
         <run_address>0x2069f</run_address>
         <size>0x3ee</size>
         <input_file_ref idref="fl-26"/>
      </object_component>
      <object_component id="oc-116">
         <name>.debug_info</name>
         <load_address>0x20a8d</load_address>
         <run_address>0x20a8d</run_address>
         <size>0xb6</size>
      </object_component>
      <object_component id="oc-56">
         <name>.debug_abbrev</name>
         <load_address>0x0</load_address>
         <run_address>0x0</run_address>
         <size>0xb7</size>
         <input_file_ref idref="fl-2"/>
      </object_component>
      <object_component id="oc-5a">
         <name>.debug_abbrev</name>
         <load_address>0xb7</load_address>
         <run_address>0xb7</run_address>
         <size>0xdc</size>
         <input_file_ref idref="fl-3"/>
      </object_component>
      <object_component id="oc-60">
         <name>.debug_abbrev</name>
         <load_address>0x193</load_address>
         <run_address>0x193</run_address>
         <size>0x21</size>
         <input_file_ref idref="fl-4"/>
      </object_component>
      <object_component id="oc-66">
         <name>.debug_abbrev</name>
         <load_address>0x1b4</load_address>
         <run_address>0x1b4</run_address>
         <size>0x10b</size>
         <input_file_ref idref="fl-5"/>
      </object_component>
      <object_component id="oc-6c">
         <name>.debug_abbrev</name>
         <load_address>0x2bf</load_address>
         <run_address>0x2bf</run_address>
         <size>0xde</size>
         <input_file_ref idref="fl-6"/>
      </object_component>
      <object_component id="oc-71">
         <name>.debug_abbrev</name>
         <load_address>0x39d</load_address>
         <run_address>0x39d</run_address>
         <size>0xdc</size>
         <input_file_ref idref="fl-7"/>
      </object_component>
      <object_component id="oc-76">
         <name>.debug_abbrev</name>
         <load_address>0x479</load_address>
         <run_address>0x479</run_address>
         <size>0xc8</size>
         <input_file_ref idref="fl-8"/>
      </object_component>
      <object_component id="oc-7b">
         <name>.debug_abbrev</name>
         <load_address>0x541</load_address>
         <run_address>0x541</run_address>
         <size>0x116</size>
         <input_file_ref idref="fl-9"/>
      </object_component>
      <object_component id="oc-80">
         <name>.debug_abbrev</name>
         <load_address>0x657</load_address>
         <run_address>0x657</run_address>
         <size>0x1a3</size>
         <input_file_ref idref="fl-a"/>
      </object_component>
      <object_component id="oc-85">
         <name>.debug_abbrev</name>
         <load_address>0x7fa</load_address>
         <run_address>0x7fa</run_address>
         <size>0x2f</size>
         <input_file_ref idref="fl-b"/>
      </object_component>
      <object_component id="oc-8d">
         <name>.debug_abbrev</name>
         <load_address>0x829</load_address>
         <run_address>0x829</run_address>
         <size>0x166</size>
         <input_file_ref idref="fl-c"/>
      </object_component>
      <object_component id="oc-93">
         <name>.debug_abbrev</name>
         <load_address>0x98f</load_address>
         <run_address>0x98f</run_address>
         <size>0x46</size>
         <input_file_ref idref="fl-1d"/>
      </object_component>
      <object_component id="oc-98">
         <name>.debug_abbrev</name>
         <load_address>0x9d5</load_address>
         <run_address>0x9d5</run_address>
         <size>0x38</size>
         <input_file_ref idref="fl-1e"/>
      </object_component>
      <object_component id="oc-9d">
         <name>.debug_abbrev</name>
         <load_address>0xa0d</load_address>
         <run_address>0xa0d</run_address>
         <size>0x38</size>
         <input_file_ref idref="fl-1f"/>
      </object_component>
      <object_component id="oc-a2">
         <name>.debug_abbrev</name>
         <load_address>0xa45</load_address>
         <run_address>0xa45</run_address>
         <size>0xe3</size>
         <input_file_ref idref="fl-20"/>
      </object_component>
      <object_component id="oc-a7">
         <name>.debug_abbrev</name>
         <load_address>0xb28</load_address>
         <run_address>0xb28</run_address>
         <size>0xa8</size>
         <input_file_ref idref="fl-21"/>
      </object_component>
      <object_component id="oc-ac">
         <name>.debug_abbrev</name>
         <load_address>0xbd0</load_address>
         <run_address>0xbd0</run_address>
         <size>0x68</size>
         <input_file_ref idref="fl-22"/>
      </object_component>
      <object_component id="oc-b1">
         <name>.debug_abbrev</name>
         <load_address>0xc38</load_address>
         <run_address>0xc38</run_address>
         <size>0x66</size>
         <input_file_ref idref="fl-23"/>
      </object_component>
      <object_component id="oc-b8">
         <name>.debug_abbrev</name>
         <load_address>0xc9e</load_address>
         <run_address>0xc9e</run_address>
         <size>0x130</size>
         <input_file_ref idref="fl-24"/>
      </object_component>
      <object_component id="oc-bd">
         <name>.debug_abbrev</name>
         <load_address>0xdce</load_address>
         <run_address>0xdce</run_address>
         <size>0xb2</size>
         <input_file_ref idref="fl-25"/>
      </object_component>
      <object_component id="oc-c2">
         <name>.debug_abbrev</name>
         <load_address>0xe80</load_address>
         <run_address>0xe80</run_address>
         <size>0xee</size>
         <input_file_ref idref="fl-26"/>
      </object_component>
      <object_component id="oc-117">
         <name>.debug_abbrev</name>
         <load_address>0xf6e</load_address>
         <run_address>0xf6e</run_address>
         <size>0xf</size>
      </object_component>
      <object_component id="oc-58">
         <name>.debug_frame</name>
         <load_address>0x0</load_address>
         <run_address>0x0</run_address>
         <size>0x50</size>
         <input_file_ref idref="fl-3"/>
      </object_component>
      <object_component id="oc-64">
         <name>.debug_frame</name>
         <load_address>0x50</load_address>
         <run_address>0x50</run_address>
         <size>0x54</size>
         <input_file_ref idref="fl-5"/>
      </object_component>
      <object_component id="oc-6a">
         <name>.debug_frame</name>
         <load_address>0xa4</load_address>
         <run_address>0xa4</run_address>
         <size>0x4e8</size>
         <input_file_ref idref="fl-6"/>
      </object_component>
      <object_component id="oc-6f">
         <name>.debug_frame</name>
         <load_address>0x58c</load_address>
         <run_address>0x58c</run_address>
         <size>0x20</size>
         <input_file_ref idref="fl-7"/>
      </object_component>
      <object_component id="oc-74">
         <name>.debug_frame</name>
         <load_address>0x5ac</load_address>
         <run_address>0x5ac</run_address>
         <size>0x50</size>
         <input_file_ref idref="fl-8"/>
      </object_component>
      <object_component id="oc-79">
         <name>.debug_frame</name>
         <load_address>0x5fc</load_address>
         <run_address>0x5fc</run_address>
         <size>0x3c</size>
         <input_file_ref idref="fl-9"/>
      </object_component>
      <object_component id="oc-7e">
         <name>.debug_frame</name>
         <load_address>0x638</load_address>
         <run_address>0x638</run_address>
         <size>0x118</size>
         <input_file_ref idref="fl-a"/>
      </object_component>
      <object_component id="oc-8b">
         <name>.debug_frame</name>
         <load_address>0x750</load_address>
         <run_address>0x750</run_address>
         <size>0x68</size>
         <input_file_ref idref="fl-c"/>
      </object_component>
      <object_component id="oc-a0">
         <name>.debug_frame</name>
         <load_address>0x7b8</load_address>
         <run_address>0x7b8</run_address>
         <size>0x58</size>
         <input_file_ref idref="fl-20"/>
      </object_component>
      <object_component id="oc-a5">
         <name>.debug_frame</name>
         <load_address>0x810</load_address>
         <run_address>0x810</run_address>
         <size>0x38</size>
         <input_file_ref idref="fl-21"/>
      </object_component>
      <object_component id="oc-aa">
         <name>.debug_frame</name>
         <load_address>0x848</load_address>
         <run_address>0x848</run_address>
         <size>0x38</size>
         <input_file_ref idref="fl-22"/>
      </object_component>
      <object_component id="oc-af">
         <name>.debug_frame</name>
         <load_address>0x880</load_address>
         <run_address>0x880</run_address>
         <size>0x38</size>
         <input_file_ref idref="fl-23"/>
      </object_component>
      <object_component id="oc-b6">
         <name>.debug_frame</name>
         <load_address>0x8b8</load_address>
         <run_address>0x8b8</run_address>
         <size>0x58</size>
         <input_file_ref idref="fl-24"/>
      </object_component>
      <object_component id="oc-bb">
         <name>.debug_frame</name>
         <load_address>0x910</load_address>
         <run_address>0x910</run_address>
         <size>0x68</size>
         <input_file_ref idref="fl-25"/>
      </object_component>
      <object_component id="oc-c0">
         <name>.debug_frame</name>
         <load_address>0x978</load_address>
         <run_address>0x978</run_address>
         <size>0x38</size>
         <input_file_ref idref="fl-26"/>
      </object_component>
      <object_component id="oc-59">
         <name>.debug_line</name>
         <load_address>0x0</load_address>
         <run_address>0x0</run_address>
         <size>0xa3</size>
         <input_file_ref idref="fl-3"/>
      </object_component>
      <object_component id="oc-5e">
         <name>.debug_line</name>
         <load_address>0xa3</load_address>
         <run_address>0xa3</run_address>
         <size>0x9f</size>
         <input_file_ref idref="fl-4"/>
      </object_component>
      <object_component id="oc-65">
         <name>.debug_line</name>
         <load_address>0x142</load_address>
         <run_address>0x142</run_address>
         <size>0xc6</size>
         <input_file_ref idref="fl-5"/>
      </object_component>
      <object_component id="oc-6b">
         <name>.debug_line</name>
         <load_address>0x208</load_address>
         <run_address>0x208</run_address>
         <size>0x4fd</size>
         <input_file_ref idref="fl-6"/>
      </object_component>
      <object_component id="oc-70">
         <name>.debug_line</name>
         <load_address>0x705</load_address>
         <run_address>0x705</run_address>
         <size>0x71</size>
         <input_file_ref idref="fl-7"/>
      </object_component>
      <object_component id="oc-75">
         <name>.debug_line</name>
         <load_address>0x776</load_address>
         <run_address>0x776</run_address>
         <size>0xbe</size>
         <input_file_ref idref="fl-8"/>
      </object_component>
      <object_component id="oc-7a">
         <name>.debug_line</name>
         <load_address>0x834</load_address>
         <run_address>0x834</run_address>
         <size>0xa8</size>
         <input_file_ref idref="fl-9"/>
      </object_component>
      <object_component id="oc-7f">
         <name>.debug_line</name>
         <load_address>0x8dc</load_address>
         <run_address>0x8dc</run_address>
         <size>0x1fe</size>
         <input_file_ref idref="fl-a"/>
      </object_component>
      <object_component id="oc-83">
         <name>.debug_line</name>
         <load_address>0xada</load_address>
         <run_address>0xada</run_address>
         <size>0x86</size>
         <input_file_ref idref="fl-b"/>
      </object_component>
      <object_component id="oc-8c">
         <name>.debug_line</name>
         <load_address>0xb60</load_address>
         <run_address>0xb60</run_address>
         <size>0x83</size>
         <input_file_ref idref="fl-c"/>
      </object_component>
      <object_component id="oc-92">
         <name>.debug_line</name>
         <load_address>0xbe3</load_address>
         <run_address>0xbe3</run_address>
         <size>0x7d</size>
         <input_file_ref idref="fl-1d"/>
      </object_component>
      <object_component id="oc-97">
         <name>.debug_line</name>
         <load_address>0xc60</load_address>
         <run_address>0xc60</run_address>
         <size>0x8d</size>
         <input_file_ref idref="fl-1e"/>
      </object_component>
      <object_component id="oc-9c">
         <name>.debug_line</name>
         <load_address>0xced</load_address>
         <run_address>0xced</run_address>
         <size>0x60</size>
         <input_file_ref idref="fl-1f"/>
      </object_component>
      <object_component id="oc-a1">
         <name>.debug_line</name>
         <load_address>0xd4d</load_address>
         <run_address>0xd4d</run_address>
         <size>0x50</size>
         <input_file_ref idref="fl-20"/>
      </object_component>
      <object_component id="oc-a6">
         <name>.debug_line</name>
         <load_address>0xd9d</load_address>
         <run_address>0xd9d</run_address>
         <size>0x62</size>
         <input_file_ref idref="fl-21"/>
      </object_component>
      <object_component id="oc-ab">
         <name>.debug_line</name>
         <load_address>0xdff</load_address>
         <run_address>0xdff</run_address>
         <size>0x3e</size>
         <input_file_ref idref="fl-22"/>
      </object_component>
      <object_component id="oc-b0">
         <name>.debug_line</name>
         <load_address>0xe3d</load_address>
         <run_address>0xe3d</run_address>
         <size>0x3a</size>
         <input_file_ref idref="fl-23"/>
      </object_component>
      <object_component id="oc-b7">
         <name>.debug_line</name>
         <load_address>0xe77</load_address>
         <run_address>0xe77</run_address>
         <size>0x65</size>
         <input_file_ref idref="fl-24"/>
      </object_component>
      <object_component id="oc-bc">
         <name>.debug_line</name>
         <load_address>0xedc</load_address>
         <run_address>0xedc</run_address>
         <size>0x5e</size>
         <input_file_ref idref="fl-25"/>
      </object_component>
      <object_component id="oc-c1">
         <name>.debug_line</name>
         <load_address>0xf3a</load_address>
         <run_address>0xf3a</run_address>
         <size>0x4f</size>
         <input_file_ref idref="fl-26"/>
      </object_component>
      <object_component id="oc-5b">
         <name>.debug_aranges</name>
         <load_address>0x0</load_address>
         <run_address>0x0</run_address>
         <size>0x28</size>
         <input_file_ref idref="fl-3"/>
      </object_component>
      <object_component id="oc-61">
         <name>.debug_aranges</name>
         <load_address>0x28</load_address>
         <run_address>0x28</run_address>
         <size>0x28</size>
         <input_file_ref idref="fl-4"/>
      </object_component>
      <object_component id="oc-67">
         <name>.debug_aranges</name>
         <load_address>0x50</load_address>
         <run_address>0x50</run_address>
         <size>0x28</size>
         <input_file_ref idref="fl-5"/>
      </object_component>
      <object_component id="oc-6d">
         <name>.debug_aranges</name>
         <load_address>0x78</load_address>
         <run_address>0x78</run_address>
         <size>0x1b0</size>
         <input_file_ref idref="fl-6"/>
      </object_component>
      <object_component id="oc-72">
         <name>.debug_aranges</name>
         <load_address>0x228</load_address>
         <run_address>0x228</run_address>
         <size>0x18</size>
         <input_file_ref idref="fl-7"/>
      </object_component>
      <object_component id="oc-77">
         <name>.debug_aranges</name>
         <load_address>0x240</load_address>
         <run_address>0x240</run_address>
         <size>0x28</size>
         <input_file_ref idref="fl-8"/>
      </object_component>
      <object_component id="oc-7c">
         <name>.debug_aranges</name>
         <load_address>0x268</load_address>
         <run_address>0x268</run_address>
         <size>0x20</size>
         <input_file_ref idref="fl-9"/>
      </object_component>
      <object_component id="oc-81">
         <name>.debug_aranges</name>
         <load_address>0x288</load_address>
         <run_address>0x288</run_address>
         <size>0x68</size>
         <input_file_ref idref="fl-a"/>
      </object_component>
      <object_component id="oc-86">
         <name>.debug_aranges</name>
         <load_address>0x2f0</load_address>
         <run_address>0x2f0</run_address>
         <size>0x20</size>
         <input_file_ref idref="fl-b"/>
      </object_component>
      <object_component id="oc-8e">
         <name>.debug_aranges</name>
         <load_address>0x310</load_address>
         <run_address>0x310</run_address>
         <size>0x28</size>
         <input_file_ref idref="fl-c"/>
      </object_component>
      <object_component id="oc-94">
         <name>.debug_aranges</name>
         <load_address>0x338</load_address>
         <run_address>0x338</run_address>
         <size>0x20</size>
         <input_file_ref idref="fl-1d"/>
      </object_component>
      <object_component id="oc-99">
         <name>.debug_aranges</name>
         <load_address>0x358</load_address>
         <run_address>0x358</run_address>
         <size>0x20</size>
         <input_file_ref idref="fl-1e"/>
      </object_component>
      <object_component id="oc-9e">
         <name>.debug_aranges</name>
         <load_address>0x378</load_address>
         <run_address>0x378</run_address>
         <size>0x20</size>
         <input_file_ref idref="fl-1f"/>
      </object_component>
      <object_component id="oc-a3">
         <name>.debug_aranges</name>
         <load_address>0x398</load_address>
         <run_address>0x398</run_address>
         <size>0x20</size>
         <input_file_ref idref="fl-20"/>
      </object_component>
      <object_component id="oc-a8">
         <name>.debug_aranges</name>
         <load_address>0x3b8</load_address>
         <run_address>0x3b8</run_address>
         <size>0x20</size>
         <input_file_ref idref="fl-21"/>
      </object_component>
      <object_component id="oc-ad">
         <name>.debug_aranges</name>
         <load_address>0x3d8</load_address>
         <run_address>0x3d8</run_address>
         <size>0x20</size>
         <input_file_ref idref="fl-22"/>
      </object_component>
      <object_component id="oc-b2">
         <name>.debug_aranges</name>
         <load_address>0x3f8</load_address>
         <run_address>0x3f8</run_address>
         <size>0x20</size>
         <input_file_ref idref="fl-23"/>
      </object_component>
      <object_component id="oc-b9">
         <name>.debug_aranges</name>
         <load_address>0x418</load_address>
         <run_address>0x418</run_address>
         <size>0x28</size>
         <input_file_ref idref="fl-24"/>
      </object_component>
      <object_component id="oc-be">
         <name>.debug_aranges</name>
         <load_address>0x440</load_address>
         <run_address>0x440</run_address>
         <size>0x30</size>
         <input_file_ref idref="fl-25"/>
      </object_component>
      <object_component id="oc-c3">
         <name>.debug_aranges</name>
         <load_address>0x470</load_address>
         <run_address>0x470</run_address>
         <size>0x20</size>
         <input_file_ref idref="fl-26"/>
      </object_component>
      <object_component id="oc-82">
         <name>ramfuncs</name>
         <load_address>0xf3</load_address>
         <run_address>0xf3</run_address>
         <size>0x4</size>
         <input_file_ref idref="fl-b"/>
      </object_component>
   </object_component_list>
   <logical_group_list>
      <logical_group id="lg-2" display="no" color="cyan">
         <name>codestart</name>
         <load_address>0x0</load_address>
         <run_address>0x0</run_address>
         <size>0x2</size>
         <contents>
            <object_component_ref idref="oc-5d"/>
         </contents>
      </logical_group>
      <logical_group id="lg-3" display="no" color="cyan">
         <name>.TI.ramfunc</name>
         <run_address>0x0</run_address>
         <size>0x0</size>
         <contents>
         </contents>
      </logical_group>
      <logical_group id="lg-4" display="no" color="cyan">
         <name>.text</name>
         <load_address>0x8000</load_address>
         <run_address>0x8000</run_address>
         <size>0x596</size>
         <contents>
            <object_component_ref idref="oc-d0"/>
            <object_component_ref idref="oc-69"/>
            <object_component_ref idref="oc-d3"/>
            <object_component_ref idref="oc-d4"/>
            <object_component_ref idref="oc-95"/>
            <object_component_ref idref="oc-33"/>
            <object_component_ref idref="oc-cd"/>
            <object_component_ref idref="oc-8a"/>
            <object_component_ref idref="oc-c8"/>
            <object_component_ref idref="oc-9a"/>
            <object_component_ref idref="oc-d1"/>
            <object_component_ref idref="oc-d2"/>
            <object_component_ref idref="oc-c5"/>
            <object_component_ref idref="oc-cc"/>
            <object_component_ref idref="oc-c7"/>
            <object_component_ref idref="oc-d5"/>
            <object_component_ref idref="oc-5c"/>
            <object_component_ref idref="oc-c4"/>
            <object_component_ref idref="oc-c6"/>
         </contents>
      </logical_group>
      <logical_group id="lg-5" display="no" color="cyan">
         <name>.cinit</name>
         <load_address>0x50</load_address>
         <run_address>0x50</run_address>
         <size>0xa3</size>
         <contents>
            <object_component_ref idref="oc-ca"/>
            <object_component_ref idref="oc-b4"/>
            <object_component_ref idref="oc-88"/>
            <object_component_ref idref="oc-cf"/>
            <object_component_ref idref="oc-d6"/>
         </contents>
      </logical_group>
      <logical_group id="lg-6" display="no" color="cyan">
         <name>.pinit</name>
         <run_address>0x0</run_address>
         <size>0x0</size>
         <contents>
         </contents>
      </logical_group>
      <logical_group id="lg-7" display="no" color="cyan">
         <name>.switch</name>
         <run_address>0x0</run_address>
         <size>0x0</size>
         <contents>
         </contents>
      </logical_group>
      <logical_group id="lg-8" display="no" color="cyan">
         <name>.reset</name>
         <load_address>0x3fffc0</load_address>
         <run_address>0x3fffc0</run_address>
         <size>0x2</size>
         <contents>
            <object_component_ref idref="oc-90"/>
         </contents>
      </logical_group>
      <logical_group id="lg-9" display="no" color="cyan">
         <name>.stack</name>
         <run_address>0x400</run_address>
         <size>0x300</size>
         <contents>
            <object_component_ref idref="oc-8f"/>
            <object_component_ref idref="oc-115"/>
         </contents>
      </logical_group>
      <logical_group id="lg-a" display="no" color="cyan">
         <name>.ebss</name>
         <run_address>0x8900</run_address>
         <size>0x108</size>
         <contents>
            <object_component_ref idref="oc-63"/>
            <object_component_ref idref="oc-89"/>
            <object_component_ref idref="oc-cb"/>
            <object_component_ref idref="oc-c9"/>
            <object_component_ref idref="oc-b5"/>
            <object_component_ref idref="oc-ce"/>
            <object_component_ref idref="oc-d8"/>
         </contents>
      </logical_group>
      <logical_group id="lg-b" display="no" color="cyan">
         <name>.econst</name>
         <load_address>0x8a08</load_address>
         <run_address>0x8a08</run_address>
         <size>0x100</size>
         <contents>
            <object_component_ref idref="oc-d7"/>
         </contents>
      </logical_group>
      <logical_group id="lg-c" display="no" color="cyan">
         <name>.esysmem</name>
         <run_address>0x0</run_address>
         <size>0x0</size>
         <contents>
         </contents>
      </logical_group>
      <logical_group id="lg-d" display="no" color="cyan">
         <name>IQmath</name>
         <run_address>0x0</run_address>
         <size>0x0</size>
         <contents>
         </contents>
      </logical_group>
      <logical_group id="lg-e" display="no" color="cyan">
         <name>IQmathTables</name>
         <run_address>0x0</run_address>
         <size>0x0</size>
         <contents>
         </contents>
      </logical_group>
      <logical_group id="lg-10" display="no" color="cyan">
         <name>PieVectTableFile</name>
         <run_address>0xd00</run_address>
         <size>0x100</size>
         <contents>
            <object_component_ref idref="oc-55"/>
         </contents>
      </logical_group>
      <logical_group id="lg-12" display="no" color="cyan">
         <name>EmuKeyVar</name>
         <run_address>0xd00</run_address>
         <size>0x1</size>
         <contents>
            <object_component_ref idref="oc-36"/>
         </contents>
      </logical_group>
      <logical_group id="lg-13" display="no" color="cyan">
         <name>EmuBModeVar</name>
         <run_address>0xd01</run_address>
         <size>0x1</size>
         <contents>
            <object_component_ref idref="oc-37"/>
         </contents>
      </logical_group>
      <logical_group id="lg-14" display="no" color="cyan">
         <name>FlashCallbackVar</name>
         <run_address>0xd02</run_address>
         <size>0x2</size>
         <contents>
            <object_component_ref idref="oc-39"/>
         </contents>
      </logical_group>
      <logical_group id="lg-15" display="no" color="cyan">
         <name>FlashScalingVar</name>
         <run_address>0xd04</run_address>
         <size>0x2</size>
         <contents>
            <object_component_ref idref="oc-38"/>
         </contents>
      </logical_group>
      <logical_group id="lg-11" display="no" color="cyan">
         <name>GROUP_2</name>
         <run_address>0xd00</run_address>
         <size>0x6</size>
         <contents>
            <logical_group_ref idref="lg-12"/>
            <logical_group_ref idref="lg-13"/>
            <logical_group_ref idref="lg-14"/>
            <logical_group_ref idref="lg-15"/>
         </contents>
      </logical_group>
      <overlay id="lg-f" display="no" color="cyan">
         <name>UNION_1</name>
         <run_address>0xd00</run_address>
         <size>0x100</size>
         <contents>
            <logical_group_ref idref="lg-10"/>
            <logical_group_ref idref="lg-11"/>
         </contents>
      </overlay>
      <logical_group id="lg-16" display="no" color="cyan">
         <name>DevEmuRegsFile</name>
         <run_address>0x880</run_address>
         <size>0x4</size>
         <contents>
            <object_component_ref idref="oc-3b"/>
         </contents>
      </logical_group>
      <logical_group id="lg-17" display="no" color="cyan">
         <name>SysPwrCtrlRegsFile</name>
         <run_address>0x985</run_address>
         <size>0x3</size>
         <contents>
            <object_component_ref idref="oc-3a"/>
         </contents>
      </logical_group>
      <logical_group id="lg-18" display="no" color="cyan">
         <name>FlashRegsFile</name>
         <run_address>0xa80</run_address>
         <size>0x8</size>
         <contents>
            <object_component_ref idref="oc-40"/>
         </contents>
      </logical_group>
      <logical_group id="lg-19" display="no" color="cyan">
         <name>CsmRegsFile</name>
         <run_address>0xae0</run_address>
         <size>0x10</size>
         <contents>
            <object_component_ref idref="oc-42"/>
         </contents>
      </logical_group>
      <logical_group id="lg-1a" display="no" color="cyan">
         <name>AdcResultFile</name>
         <run_address>0xb00</run_address>
         <size>0x20</size>
         <contents>
            <object_component_ref idref="oc-4b"/>
         </contents>
      </logical_group>
      <logical_group id="lg-1b" display="no" color="cyan">
         <name>CpuTimer0RegsFile</name>
         <run_address>0xc00</run_address>
         <size>0x8</size>
         <contents>
            <object_component_ref idref="oc-3c"/>
         </contents>
      </logical_group>
      <logical_group id="lg-1c" display="no" color="cyan">
         <name>CpuTimer1RegsFile</name>
         <run_address>0xc08</run_address>
         <size>0x8</size>
         <contents>
            <object_component_ref idref="oc-3d"/>
         </contents>
      </logical_group>
      <logical_group id="lg-1d" display="no" color="cyan">
         <name>CpuTimer2RegsFile</name>
         <run_address>0xc10</run_address>
         <size>0x8</size>
         <contents>
            <object_component_ref idref="oc-3e"/>
         </contents>
      </logical_group>
      <logical_group id="lg-1e" display="no" color="cyan">
         <name>PieCtrlRegsFile</name>
         <run_address>0xce0</run_address>
         <size>0x1a</size>
         <contents>
            <object_component_ref idref="oc-49"/>
         </contents>
      </logical_group>
      <logical_group id="lg-1f" display="no" color="cyan">
         <name>ECap1RegsFile</name>
         <run_address>0x6a00</run_address>
         <size>0x20</size>
         <contents>
            <object_component_ref idref="oc-4c"/>
         </contents>
      </logical_group>
      <logical_group id="lg-20" display="no" color="cyan">
         <name>GpioCtrlRegsFile</name>
         <run_address>0x6f80</run_address>
         <size>0x40</size>
         <contents>
            <object_component_ref idref="oc-53"/>
         </contents>
      </logical_group>
      <logical_group id="lg-21" display="no" color="cyan">
         <name>GpioDataRegsFile</name>
         <run_address>0x6fc0</run_address>
         <size>0x20</size>
         <contents>
            <object_component_ref idref="oc-4d"/>
         </contents>
      </logical_group>
      <logical_group id="lg-22" display="no" color="cyan">
         <name>GpioIntRegsFile</name>
         <run_address>0x6fe0</run_address>
         <size>0xa</size>
         <contents>
            <object_component_ref idref="oc-41"/>
         </contents>
      </logical_group>
      <logical_group id="lg-23" display="no" color="cyan">
         <name>SysCtrlRegsFile</name>
         <run_address>0x7010</run_address>
         <size>0x1f</size>
         <contents>
            <object_component_ref idref="oc-4a"/>
         </contents>
      </logical_group>
      <logical_group id="lg-24" display="no" color="cyan">
         <name>SpiaRegsFile</name>
         <run_address>0x7040</run_address>
         <size>0x10</size>
         <contents>
            <object_component_ref idref="oc-45"/>
         </contents>
      </logical_group>
      <logical_group id="lg-25" display="no" color="cyan">
         <name>SciaRegsFile</name>
         <run_address>0x7050</run_address>
         <size>0x10</size>
         <contents>
            <object_component_ref idref="oc-44"/>
         </contents>
      </logical_group>
      <logical_group id="lg-26" display="no" color="cyan">
         <name>NmiIntruptRegsFile</name>
         <run_address>0x7060</run_address>
         <size>0x10</size>
         <contents>
            <object_component_ref idref="oc-43"/>
         </contents>
      </logical_group>
      <logical_group id="lg-27" display="no" color="cyan">
         <name>XIntruptRegsFile</name>
         <run_address>0x7070</run_address>
         <size>0x10</size>
         <contents>
            <object_component_ref idref="oc-46"/>
         </contents>
      </logical_group>
      <logical_group id="lg-28" display="no" color="cyan">
         <name>AdcRegsFile</name>
         <run_address>0x7100</run_address>
         <size>0x51</size>
         <contents>
            <object_component_ref idref="oc-54"/>
         </contents>
      </logical_group>
      <logical_group id="lg-29" display="no" color="cyan">
         <name>I2caRegsFile</name>
         <run_address>0x7900</run_address>
         <size>0x22</size>
         <contents>
            <object_component_ref idref="oc-4e"/>
         </contents>
      </logical_group>
      <logical_group id="lg-2a" display="no" color="cyan">
         <name>Comp1RegsFile</name>
         <run_address>0x6400</run_address>
         <size>0x11</size>
         <contents>
            <object_component_ref idref="oc-47"/>
         </contents>
      </logical_group>
      <logical_group id="lg-2b" display="no" color="cyan">
         <name>Comp2RegsFile</name>
         <run_address>0x6420</run_address>
         <size>0x11</size>
         <contents>
            <object_component_ref idref="oc-48"/>
         </contents>
      </logical_group>
      <logical_group id="lg-2c" display="no" color="cyan">
         <name>EPwm1RegsFile</name>
         <run_address>0x6800</run_address>
         <size>0x40</size>
         <contents>
            <object_component_ref idref="oc-4f"/>
         </contents>
      </logical_group>
      <logical_group id="lg-2d" display="no" color="cyan">
         <name>EPwm2RegsFile</name>
         <run_address>0x6840</run_address>
         <size>0x40</size>
         <contents>
            <object_component_ref idref="oc-50"/>
         </contents>
      </logical_group>
      <logical_group id="lg-2e" display="no" color="cyan">
         <name>EPwm3RegsFile</name>
         <run_address>0x6880</run_address>
         <size>0x40</size>
         <contents>
            <object_component_ref idref="oc-51"/>
         </contents>
      </logical_group>
      <logical_group id="lg-2f" display="no" color="cyan">
         <name>EPwm4RegsFile</name>
         <run_address>0x68c0</run_address>
         <size>0x40</size>
         <contents>
            <object_component_ref idref="oc-52"/>
         </contents>
      </logical_group>
      <logical_group id="lg-30" display="no" color="cyan">
         <name>CsmPwlFile</name>
         <run_address>0x3f7ff8</run_address>
         <size>0x8</size>
         <contents>
            <object_component_ref idref="oc-3f"/>
         </contents>
      </logical_group>
      <logical_group id="lg-31" display="no" color="cyan">
         <name>PartIdRegsFile</name>
         <run_address>0x3d7fff</run_address>
         <size>0x1</size>
         <contents>
            <object_component_ref idref="oc-35"/>
         </contents>
      </logical_group>
      <logical_group id="lg-107" display="never" color="cyan">
         <name>.debug_info</name>
         <load_address>0x0</load_address>
         <run_address>0x0</run_address>
         <size>0x20b43</size>
         <contents>
            <object_component_ref idref="oc-34"/>
            <object_component_ref idref="oc-57"/>
            <object_component_ref idref="oc-5f"/>
            <object_component_ref idref="oc-62"/>
            <object_component_ref idref="oc-68"/>
            <object_component_ref idref="oc-6e"/>
            <object_component_ref idref="oc-73"/>
            <object_component_ref idref="oc-78"/>
            <object_component_ref idref="oc-7d"/>
            <object_component_ref idref="oc-84"/>
            <object_component_ref idref="oc-87"/>
            <object_component_ref idref="oc-91"/>
            <object_component_ref idref="oc-96"/>
            <object_component_ref idref="oc-9b"/>
            <object_component_ref idref="oc-9f"/>
            <object_component_ref idref="oc-a4"/>
            <object_component_ref idref="oc-a9"/>
            <object_component_ref idref="oc-ae"/>
            <object_component_ref idref="oc-b3"/>
            <object_component_ref idref="oc-ba"/>
            <object_component_ref idref="oc-bf"/>
            <object_component_ref idref="oc-116"/>
         </contents>
      </logical_group>
      <logical_group id="lg-109" display="never" color="cyan">
         <name>.debug_abbrev</name>
         <load_address>0x0</load_address>
         <run_address>0x0</run_address>
         <size>0xf7d</size>
         <contents>
            <object_component_ref idref="oc-56"/>
            <object_component_ref idref="oc-5a"/>
            <object_component_ref idref="oc-60"/>
            <object_component_ref idref="oc-66"/>
            <object_component_ref idref="oc-6c"/>
            <object_component_ref idref="oc-71"/>
            <object_component_ref idref="oc-76"/>
            <object_component_ref idref="oc-7b"/>
            <object_component_ref idref="oc-80"/>
            <object_component_ref idref="oc-85"/>
            <object_component_ref idref="oc-8d"/>
            <object_component_ref idref="oc-93"/>
            <object_component_ref idref="oc-98"/>
            <object_component_ref idref="oc-9d"/>
            <object_component_ref idref="oc-a2"/>
            <object_component_ref idref="oc-a7"/>
            <object_component_ref idref="oc-ac"/>
            <object_component_ref idref="oc-b1"/>
            <object_component_ref idref="oc-b8"/>
            <object_component_ref idref="oc-bd"/>
            <object_component_ref idref="oc-c2"/>
            <object_component_ref idref="oc-117"/>
         </contents>
      </logical_group>
      <logical_group id="lg-10b" display="never" color="cyan">
         <name>.debug_frame</name>
         <load_address>0x0</load_address>
         <run_address>0x0</run_address>
         <size>0x9b0</size>
         <contents>
            <object_component_ref idref="oc-58"/>
            <object_component_ref idref="oc-64"/>
            <object_component_ref idref="oc-6a"/>
            <object_component_ref idref="oc-6f"/>
            <object_component_ref idref="oc-74"/>
            <object_component_ref idref="oc-79"/>
            <object_component_ref idref="oc-7e"/>
            <object_component_ref idref="oc-8b"/>
            <object_component_ref idref="oc-a0"/>
            <object_component_ref idref="oc-a5"/>
            <object_component_ref idref="oc-aa"/>
            <object_component_ref idref="oc-af"/>
            <object_component_ref idref="oc-b6"/>
            <object_component_ref idref="oc-bb"/>
            <object_component_ref idref="oc-c0"/>
         </contents>
      </logical_group>
      <logical_group id="lg-10d" display="never" color="cyan">
         <name>.debug_line</name>
         <load_address>0x0</load_address>
         <run_address>0x0</run_address>
         <size>0xf89</size>
         <contents>
            <object_component_ref idref="oc-59"/>
            <object_component_ref idref="oc-5e"/>
            <object_component_ref idref="oc-65"/>
            <object_component_ref idref="oc-6b"/>
            <object_component_ref idref="oc-70"/>
            <object_component_ref idref="oc-75"/>
            <object_component_ref idref="oc-7a"/>
            <object_component_ref idref="oc-7f"/>
            <object_component_ref idref="oc-83"/>
            <object_component_ref idref="oc-8c"/>
            <object_component_ref idref="oc-92"/>
            <object_component_ref idref="oc-97"/>
            <object_component_ref idref="oc-9c"/>
            <object_component_ref idref="oc-a1"/>
            <object_component_ref idref="oc-a6"/>
            <object_component_ref idref="oc-ab"/>
            <object_component_ref idref="oc-b0"/>
            <object_component_ref idref="oc-b7"/>
            <object_component_ref idref="oc-bc"/>
            <object_component_ref idref="oc-c1"/>
         </contents>
      </logical_group>
      <logical_group id="lg-10f" display="never" color="cyan">
         <name>.debug_aranges</name>
         <load_address>0x0</load_address>
         <run_address>0x0</run_address>
         <size>0x490</size>
         <contents>
            <object_component_ref idref="oc-5b"/>
            <object_component_ref idref="oc-61"/>
            <object_component_ref idref="oc-67"/>
            <object_component_ref idref="oc-6d"/>
            <object_component_ref idref="oc-72"/>
            <object_component_ref idref="oc-77"/>
            <object_component_ref idref="oc-7c"/>
            <object_component_ref idref="oc-81"/>
            <object_component_ref idref="oc-86"/>
            <object_component_ref idref="oc-8e"/>
            <object_component_ref idref="oc-94"/>
            <object_component_ref idref="oc-99"/>
            <object_component_ref idref="oc-9e"/>
            <object_component_ref idref="oc-a3"/>
            <object_component_ref idref="oc-a8"/>
            <object_component_ref idref="oc-ad"/>
            <object_component_ref idref="oc-b2"/>
            <object_component_ref idref="oc-b9"/>
            <object_component_ref idref="oc-be"/>
            <object_component_ref idref="oc-c3"/>
         </contents>
      </logical_group>
      <logical_group id="lg-111" display="no" color="cyan">
         <name>ramfuncs</name>
         <load_address>0xf3</load_address>
         <run_address>0xf3</run_address>
         <size>0x4</size>
         <contents>
            <object_component_ref idref="oc-82"/>
         </contents>
      </logical_group>
   </logical_group_list>
   <placement_map>
      <memory_area display="no" color="green">
         <name>BEGIN</name>
         <page_id>0x0</page_id>
         <origin>0x0</origin>
         <length>0x2</length>
         <used_space>0x2</used_space>
         <unused_space>0x0</unused_space>
         <attributes>RWIX</attributes>
         <usage_details>
            <allocated_space>
               <start_address>0x0</start_address>
               <size>0x2</size>
               <logical_group_ref idref="lg-2"/>
            </allocated_space>
         </usage_details>
      </memory_area>
      <memory_area display="yes" color="green">
         <name>RAMM0</name>
         <page_id>0x0</page_id>
         <origin>0x50</origin>
         <length>0x3b0</length>
         <used_space>0xa7</used_space>
         <unused_space>0x309</unused_space>
         <attributes>RWIX</attributes>
         <usage_details>
            <allocated_space>
               <start_address>0x50</start_address>
               <size>0xa3</size>
               <logical_group_ref idref="lg-5"/>
            </allocated_space>
            <allocated_space>
               <start_address>0xf3</start_address>
               <size>0x4</size>
               <logical_group_ref idref="lg-111"/>
            </allocated_space>
            <available_space>
               <start_address>0xf7</start_address>
               <size>0x309</size>
            </available_space>
         </usage_details>
      </memory_area>
      <memory_area display="yes" color="green">
         <name>PRAML0</name>
         <page_id>0x0</page_id>
         <origin>0x8000</origin>
         <length>0x900</length>
         <used_space>0x596</used_space>
         <unused_space>0x36a</unused_space>
         <attributes>RWIX</attributes>
         <usage_details>
            <allocated_space>
               <start_address>0x8000</start_address>
               <size>0x596</size>
               <logical_group_ref idref="lg-4"/>
            </allocated_space>
            <available_space>
               <start_address>0x8596</start_address>
               <size>0x36a</size>
            </available_space>
         </usage_details>
      </memory_area>
      <memory_area display="yes" color="green">
         <name>IQTABLES</name>
         <page_id>0x0</page_id>
         <origin>0x3fe000</origin>
         <length>0xb50</length>
         <used_space>0x0</used_space>
         <unused_space>0xb50</unused_space>
         <attributes>RWIX</attributes>
         <usage_details>
         </usage_details>
      </memory_area>
      <memory_area display="yes" color="green">
         <name>IQTABLES2</name>
         <page_id>0x0</page_id>
         <origin>0x3feb50</origin>
         <length>0x8c</length>
         <used_space>0x0</used_space>
         <unused_space>0x8c</unused_space>
         <attributes>RWIX</attributes>
         <usage_details>
         </usage_details>
      </memory_area>
      <memory_area display="yes" color="green">
         <name>IQTABLES3</name>
         <page_id>0x0</page_id>
         <origin>0x3febdc</origin>
         <length>0xaa</length>
         <used_space>0x0</used_space>
         <unused_space>0xaa</unused_space>
         <attributes>RWIX</attributes>
         <usage_details>
         </usage_details>
      </memory_area>
      <memory_area display="yes" color="green">
         <name>BOOTROM</name>
         <page_id>0x0</page_id>
         <origin>0x3ff27c</origin>
         <length>0xd44</length>
         <used_space>0x0</used_space>
         <unused_space>0xd44</unused_space>
         <attributes>RWIX</attributes>
         <usage_details>
         </usage_details>
      </memory_area>
      <memory_area display="no" color="green">
         <name>RESET</name>
         <page_id>0x0</page_id>
         <origin>0x3fffc0</origin>
         <length>0x2</length>
         <used_space>0x0</used_space>
         <unused_space>0x2</unused_space>
         <attributes>RWIX</attributes>
         <usage_details>
         </usage_details>
      </memory_area>
      <memory_area display="no" color="green">
         <name>BOOT_RSVD</name>
         <page_id>0x1</page_id>
         <origin>0x2</origin>
         <length>0x4e</length>
         <used_space>0x0</used_space>
         <unused_space>0x4e</unused_space>
         <attributes>RWIX</attributes>
         <usage_details>
         </usage_details>
      </memory_area>
      <memory_area display="yes" color="green">
         <name>RAMM1</name>
         <page_id>0x1</page_id>
         <origin>0x400</origin>
         <length>0x400</length>
         <used_space>0x300</used_space>
         <unused_space>0x100</unused_space>
         <attributes>RWIX</attributes>
         <usage_details>
            <allocated_space>
               <start_address>0x400</start_address>
               <size>0x300</size>
               <logical_group_ref idref="lg-9"/>
            </allocated_space>
            <available_space>
               <start_address>0x700</start_address>
               <size>0x100</size>
            </available_space>
         </usage_details>
      </memory_area>
      <memory_area display="yes" color="green">
         <name>DEV_EMU</name>
         <page_id>0x1</page_id>
         <origin>0x880</origin>
         <length>0x105</length>
         <used_space>0x4</used_space>
         <unused_space>0x101</unused_space>
         <attributes>RWIX</attributes>
         <usage_details>
            <allocated_space>
               <start_address>0x880</start_address>
               <size>0x4</size>
               <logical_group_ref idref="lg-16"/>
            </allocated_space>
            <available_space>
               <start_address>0x884</start_address>
               <size>0x101</size>
            </available_space>
         </usage_details>
      </memory_area>
      <memory_area display="no" color="green">
         <name>SYS_PWR_CTL</name>
         <page_id>0x1</page_id>
         <origin>0x985</origin>
         <length>0x3</length>
         <used_space>0x3</used_space>
         <unused_space>0x0</unused_space>
         <attributes>RWIX</attributes>
         <usage_details>
            <allocated_space>
               <start_address>0x985</start_address>
               <size>0x3</size>
               <logical_group_ref idref="lg-17"/>
            </allocated_space>
         </usage_details>
      </memory_area>
      <memory_area display="no" color="green">
         <name>FLASH_REGS</name>
         <page_id>0x1</page_id>
         <origin>0xa80</origin>
         <length>0x60</length>
         <used_space>0x8</used_space>
         <unused_space>0x58</unused_space>
         <attributes>RWIX</attributes>
         <usage_details>
            <allocated_space>
               <start_address>0xa80</start_address>
               <size>0x8</size>
               <logical_group_ref idref="lg-18"/>
            </allocated_space>
            <available_space>
               <start_address>0xa88</start_address>
               <size>0x58</size>
            </available_space>
         </usage_details>
      </memory_area>
      <memory_area display="no" color="green">
         <name>CSM</name>
         <page_id>0x1</page_id>
         <origin>0xae0</origin>
         <length>0x10</length>
         <used_space>0x10</used_space>
         <unused_space>0x0</unused_space>
         <attributes>RWIX</attributes>
         <usage_details>
            <allocated_space>
               <start_address>0xae0</start_address>
               <size>0x10</size>
               <logical_group_ref idref="lg-19"/>
            </allocated_space>
         </usage_details>
      </memory_area>
      <memory_area display="no" color="green">
         <name>ADC_RESULT</name>
         <page_id>0x1</page_id>
         <origin>0xb00</origin>
         <length>0x20</length>
         <used_space>0x20</used_space>
         <unused_space>0x0</unused_space>
         <attributes>RWIX</attributes>
         <usage_details>
            <allocated_space>
               <start_address>0xb00</start_address>
               <size>0x20</size>
               <logical_group_ref idref="lg-1a"/>
            </allocated_space>
         </usage_details>
      </memory_area>
      <memory_area display="no" color="green">
         <name>CPU_TIMER0</name>
         <page_id>0x1</page_id>
         <origin>0xc00</origin>
         <length>0x8</length>
         <used_space>0x8</used_space>
         <unused_space>0x0</unused_space>
         <attributes>RWIX</attributes>
         <usage_details>
            <allocated_space>
               <start_address>0xc00</start_address>
               <size>0x8</size>
               <logical_group_ref idref="lg-1b"/>
            </allocated_space>
         </usage_details>
      </memory_area>
      <memory_area display="no" color="green">
         <name>CPU_TIMER1</name>
         <page_id>0x1</page_id>
         <origin>0xc08</origin>
         <length>0x8</length>
         <used_space>0x8</used_space>
         <unused_space>0x0</unused_space>
         <attributes>RWIX</attributes>
         <usage_details>
            <allocated_space>
               <start_address>0xc08</start_address>
               <size>0x8</size>
               <logical_group_ref idref="lg-1c"/>
            </allocated_space>
         </usage_details>
      </memory_area>
      <memory_area display="no" color="green">
         <name>CPU_TIMER2</name>
         <page_id>0x1</page_id>
         <origin>0xc10</origin>
         <length>0x8</length>
         <used_space>0x8</used_space>
         <unused_space>0x0</unused_space>
         <attributes>RWIX</attributes>
         <usage_details>
            <allocated_space>
               <start_address>0xc10</start_address>
               <size>0x8</size>
               <logical_group_ref idref="lg-1d"/>
            </allocated_space>
         </usage_details>
      </memory_area>
      <memory_area display="no" color="green">
         <name>PIE_CTRL</name>
         <page_id>0x1</page_id>
         <origin>0xce0</origin>
         <length>0x20</length>
         <used_space>0x1a</used_space>
         <unused_space>0x6</unused_space>
         <attributes>RWIX</attributes>
         <usage_details>
            <allocated_space>
               <start_address>0xce0</start_address>
               <size>0x1a</size>
               <logical_group_ref idref="lg-1e"/>
            </allocated_space>
            <available_space>
               <start_address>0xcfa</start_address>
               <size>0x6</size>
            </available_space>
         </usage_details>
      </memory_area>
      <memory_area display="yes" color="green">
         <name>PIE_VECT</name>
         <page_id>0x1</page_id>
         <origin>0xd00</origin>
         <length>0x100</length>
         <used_space>0x100</used_space>
         <unused_space>0x0</unused_space>
         <attributes>RWIX</attributes>
         <usage_details>
            <allocated_space>
               <start_address>0xd00</start_address>
               <size>0x100</size>
               <logical_group_ref idref="lg-f"/>
            </allocated_space>
[...]
         <object_component_ref idref="oc-42"/>
      </symbol>
      <symbol id="sm-c4">
         <name>_AdcResult</name>
         <value>0xb00</value>
         <object_component_ref idref="oc-4b"/>
      </symbol>
      <symbol id="sm-c5">
         <name>_EPwm4Regs</name>
         <value>0x68c0</value>
         <object_component_ref idref="oc-52"/>
      </symbol>
      <symbol id="sm-c6">
         <name>_CpuTimer1Regs</name>
         <value>0xc08</value>
         <object_component_ref idref="oc-3d"/>
      </symbol>
      <symbol id="sm-c7">
         <name>_SysCtrlRegs</name>
         <value>0x7010</value>
         <object_component_ref idref="oc-4a"/>
      </symbol>
      <symbol id="sm-c8">
         <name>_SpiaRegs</name>
         <value>0x7040</value>
         <object_component_ref idref="oc-45"/>
      </symbol>
      <symbol id="sm-c9">
         <name>_FlashRegs</name>
         <value>0xa80</value>
         <object_component_ref idref="oc-40"/>
      </symbol>
      <symbol id="sm-ca">
         <name>_CpuTimer0Regs</name>
         <value>0xc00</value>
         <object_component_ref idref="oc-3c"/>
      </symbol>
      <symbol id="sm-cb">
         <name>_DevEmuRegs</name>
         <value>0x880</value>
         <object_component_ref idref="oc-3b"/>
      </symbol>
      <symbol id="sm-cc">
         <name>_Comp1Regs</name>
         <value>0x6400</value>
         <object_component_ref idref="oc-47"/>
      </symbol>
      <symbol id="sm-cd">
         <name>_SciaRegs</name>
         <value>0x7050</value>
         <object_component_ref idref="oc-44"/>
      </symbol>
      <symbol id="sm-ce">
         <name>_GpioDataRegs</name>
         <value>0x6fc0</value>
         <object_component_ref idref="oc-4d"/>
      </symbol>
      <symbol id="sm-cf">
         <name>_CsmPwl</name>
         <value>0x3f7ff8</value>
         <object_component_ref idref="oc-3f"/>
      </symbol>
      <symbol id="sm-d0">
         <name>_AdcRegs</name>
         <value>0x7100</value>
         <object_component_ref idref="oc-54"/>
      </symbol>
      <symbol id="sm-d1">
         <name>_Comp2Regs</name>
         <value>0x6420</value>
         <object_component_ref idref="oc-48"/>
      </symbol>
      <symbol id="sm-d2">
         <name>_XIntruptRegs</name>
         <value>0x7070</value>
         <object_component_ref idref="oc-46"/>
      </symbol>
      <symbol id="sm-d3">
         <name>_CpuTimer2Regs</name>
         <value>0xc10</value>
         <object_component_ref idref="oc-3e"/>
      </symbol>
      <symbol id="sm-d4">
         <name>_PieCtrlRegs</name>
         <value>0xce0</value>
         <object_component_ref idref="oc-49"/>
      </symbol>
      <symbol id="sm-d5">
         <name>_ECap1Regs</name>
         <value>0x6a00</value>
         <object_component_ref idref="oc-4c"/>
      </symbol>
      <symbol id="sm-d6">
         <name>_EmuKey</name>
         <value>0xd00</value>
         <object_component_ref idref="oc-36"/>
      </symbol>
      <symbol id="sm-d7">
         <name>_EPwm1Regs</name>
         <value>0x6800</value>
         <object_component_ref idref="oc-4f"/>
      </symbol>
      <symbol id="sm-d8">
         <name>_GpioIntRegs</name>
         <value>0x6fe0</value>
         <object_component_ref idref="oc-41"/>
      </symbol>
      <symbol id="sm-d9">
         <name>_PartIdRegs</name>
         <value>0x3d7fff</value>
         <object_component_ref idref="oc-35"/>
      </symbol>
      <symbol id="sm-da">
         <name>_Flash_CPUScaleFactor</name>
         <value>0xd04</value>
         <object_component_ref idref="oc-38"/>
      </symbol>
      <symbol id="sm-db">
         <name>_EPwm2Regs</name>
         <value>0x6840</value>
         <object_component_ref idref="oc-50"/>
      </symbol>
      <symbol id="sm-dc">
         <name>_NmiIntruptRegs</name>
         <value>0x7060</value>
         <object_component_ref idref="oc-43"/>
      </symbol>
      <symbol id="sm-dd">
         <name>_Flash_CallbackPtr</name>
         <value>0xd02</value>
         <object_component_ref idref="oc-39"/>
      </symbol>
      <symbol id="sm-de">
         <name>_EPwm3Regs</name>
         <value>0x6880</value>
         <object_component_ref idref="oc-51"/>
      </symbol>
      <symbol id="sm-df">
         <name>_I2caRegs</name>
         <value>0x7900</value>
         <object_component_ref idref="oc-4e"/>
      </symbol>
      <symbol id="sm-eb">
         <name>_Setup_GPIO</name>
         <value>0x8237</value>
         <object_component_ref idref="oc-d3"/>
      </symbol>
      <symbol id="sm-ed">
         <name>_Setup_ePWM</name>
         <value>0x8269</value>
         <object_component_ref idref="oc-d3"/>
      </symbol>
      <symbol id="sm-fe">
         <name>code_start</name>
         <value>0x0</value>
         <object_component_ref idref="oc-5d"/>
      </symbol>
      <symbol id="sm-10c">
         <name>_CpuTimer2</name>
         <value>0x89f4</value>
         <object_component_ref idref="oc-63"/>
      </symbol>
      <symbol id="sm-10d">
         <name>_CpuTimer0</name>
         <value>0x89e4</value>
         <object_component_ref idref="oc-63"/>
      </symbol>
      <symbol id="sm-10e">
         <name>_CpuTimer1</name>
         <value>0x89ec</value>
         <object_component_ref idref="oc-63"/>
      </symbol>
      <symbol id="sm-10f">
         <name>_InitCpuTimers</name>
         <value>0x82e5</value>
         <object_component_ref idref="oc-d4"/>
      </symbol>
      <symbol id="sm-111">
         <name>_ConfigCpuTimer</name>
         <value>0x8326</value>
         <object_component_ref idref="oc-d4"/>
      </symbol>
      <symbol id="sm-150">
         <name>_ILLEGAL_ISR</name>
         <value>0x8156</value>
         <object_component_ref idref="oc-69"/>
      </symbol>
      <symbol id="sm-152">
         <name>_ADCINT4_ISR</name>
         <value>0x820a</value>
         <object_component_ref idref="oc-69"/>
      </symbol>
      <symbol id="sm-154">
         <name>_DATALOG_ISR</name>
         <value>0x8142</value>
         <object_component_ref idref="oc-69"/>
      </symbol>
      <symbol id="sm-156">
         <name>_SPITXINTA_ISR</name>
         <value>0x81ec</value>
         <object_component_ref idref="oc-69"/>
      </symbol>
      <symbol id="sm-158">
         <name>_SPIRXINTA_ISR</name>
         <value>0x81e7</value>
         <object_component_ref idref="oc-69"/>
      </symbol>
      <symbol id="sm-15a">
         <name>_INT13_ISR</name>
         <value>0x8138</value>
         <object_component_ref idref="oc-69"/>
      </symbol>
      <symbol id="sm-15c">
         <name>_ADCINT5_ISR</name>
         <value>0x820f</value>
         <object_component_ref idref="oc-69"/>
      </symbol>
      <symbol id="sm-15e">
         <name>_EPWM4_INT_ISR</name>
         <value>0x81dd</value>
         <object_component_ref idref="oc-69"/>
      </symbol>
      <symbol id="sm-160">
         <name>_USER5_ISR</name>
         <value>0x816f</value>
         <object_component_ref idref="oc-69"/>
      </symbol>
      <symbol id="sm-162">
         <name>_EMPTY_ISR</name>
         <value>0x8228</value>
         <object_component_ref idref="oc-69"/>
      </symbol>
      <symbol id="sm-164">
         <name>_EPWM4_TZINT_ISR</name>
         <value>0x81c9</value>
         <object_component_ref idref="oc-69"/>
      </symbol>
      <symbol id="sm-166">
         <name>_EMUINT_ISR</name>
         <value>0x814c</value>
         <object_component_ref idref="oc-69"/>
      </symbol>
      <symbol id="sm-168">
         <name>_ECAP1_INT_ISR</name>
         <value>0x81e2</value>
         <object_component_ref idref="oc-69"/>
      </symbol>
      <symbol id="sm-16a">
         <name>_EPWM1_TZINT_ISR</name>
         <value>0x81ba</value>
         <object_component_ref idref="oc-69"/>
      </symbol>
      <symbol id="sm-16c">
         <name>_ADCINT6_ISR</name>
         <value>0x8214</value>
         <object_component_ref idref="oc-69"/>
      </symbol>
      <symbol id="sm-16e">
         <name>_ADCINT8_ISR</name>
         <value>0x821e</value>
         <object_component_ref idref="oc-69"/>
      </symbol>
      <symbol id="sm-170">
         <name>_USER11_ISR</name>
         <value>0x818d</value>
         <object_component_ref idref="oc-69"/>
      </symbol>
      <symbol id="sm-172">
         <name>_EPWM3_TZINT_ISR</name>
         <value>0x81c4</value>
         <object_component_ref idref="oc-69"/>
      </symbol>
      <symbol id="sm-174">
         <name>_USER4_ISR</name>
         <value>0x816a</value>
         <object_component_ref idref="oc-69"/>
      </symbol>
      <symbol id="sm-176">
         <name>_EPWM2_TZINT_ISR</name>
         <value>0x81bf</value>
         <object_component_ref idref="oc-69"/>
      </symbol>
      <symbol id="sm-178">
         <name>_EPWM2_INT_ISR</name>
         <value>0x81d3</value>
         <object_component_ref idref="oc-69"/>
      </symbol>
      <symbol id="sm-17a">
         <name>_TINT0_ISR</name>
         <value>0x81b0</value>
         <object_component_ref idref="oc-69"/>
      </symbol>
      <symbol id="sm-17c">
         <name>_WAKEINT_ISR</name>
         <value>0x81b5</value>
         <object_component_ref idref="oc-69"/>
      </symbol>
      <symbol id="sm-17e">
         <name>_ADCINT7_ISR</name>
         <value>0x8219</value>
         <object_component_ref idref="oc-69"/>
      </symbol>
      <symbol id="sm-180">
         <name>_ADCINT9_ISR</name>
         <value>0x81ab</value>
         <object_component_ref idref="oc-69"/>
      </symbol>
      <symbol id="sm-182">
         <name>_USER10_ISR</name>
         <value>0x8188</value>
         <object_component_ref idref="oc-69"/>
      </symbol>
      <symbol id="sm-184">
         <name>_USER7_ISR</name>
         <value>0x8179</value>
         <object_component_ref idref="oc-69"/>
      </symbol>
      <symbol id="sm-186">
         <name>_XINT1_ISR</name>
         <value>0x81a1</value>
         <object_component_ref idref="oc-69"/>
      </symbol>
      <symbol id="sm-188">
         <name>_INT14_ISR</name>
         <value>0x813d</value>
         <object_component_ref idref="oc-69"/>
      </symbol>
      <symbol id="sm-18a">
         <name>_USER6_ISR</name>
         <value>0x8174</value>
         <object_component_ref idref="oc-69"/>
      </symbol>
      <symbol id="sm-18c">
         <name>_ADCINT1_ISR</name>
         <value>0x8197</value>
         <object_component_ref idref="oc-69"/>
      </symbol>
      <symbol id="sm-18e">
         <name>_USER12_ISR</name>
         <value>0x8192</value>
         <object_component_ref idref="oc-69"/>
      </symbol>
      <symbol id="sm-190">
         <name>_USER1_ISR</name>
         <value>0x815b</value>
         <object_component_ref idref="oc-69"/>
      </symbol>
      <symbol id="sm-192">
         <name>_XINT3_ISR</name>
         <value>0x8223</value>
         <object_component_ref idref="oc-69"/>
      </symbol>
      <symbol id="sm-194">
         <name>_NMI_ISR</name>
         <value>0x8151</value>
         <object_component_ref idref="oc-69"/>
      </symbol>
      <symbol id="sm-196">
         <name>_ADCINT2_ISR</name>
         <value>0x819c</value>
         <object_component_ref idref="oc-69"/>
      </symbol>
      <symbol id="sm-198">
         <name>_PIE_RESERVED</name>
         <value>0x822d</value>
         <object_component_ref idref="oc-69"/>
      </symbol>
      <symbol id="sm-19a">
         <name>_I2CINT1A_ISR</name>
         <value>0x81f1</value>
         <object_component_ref idref="oc-69"/>
      </symbol>
      <symbol id="sm-19c">
         <name>_XINT2_ISR</name>
         <value>0x81a6</value>
         <object_component_ref idref="oc-69"/>
      </symbol>
      <symbol id="sm-19e">
         <name>_I2CINT2A_ISR</name>
         <value>0x81f6</value>
         <object_component_ref idref="oc-69"/>
      </symbol>
      <symbol id="sm-1a0">
         <name>_RTOSINT_ISR</name>
         <value>0x8147</value>
         <object_component_ref idref="oc-69"/>
      </symbol>
      <symbol id="sm-1a2">
         <name>_EPWM3_INT_ISR</name>
         <value>0x81d8</value>
         <object_component_ref idref="oc-69"/>
      </symbol>
      <symbol id="sm-1a4">
         <name>_ADCINT3_ISR</name>
         <value>0x8205</value>
         <object_component_ref idref="oc-69"/>
      </symbol>
      <symbol id="sm-1a6">
         <name>_USER9_ISR</name>
         <value>0x8183</value>
         <object_component_ref idref="oc-69"/>
      </symbol>
      <symbol id="sm-1a8">
         <name>_USER3_ISR</name>
         <value>0x8165</value>
         <object_component_ref idref="oc-69"/>
      </symbol>
      <symbol id="sm-1aa">
         <name>_USER8_ISR</name>
         <value>0x817e</value>
         <object_component_ref idref="oc-69"/>
      </symbol>
      <symbol id="sm-1ac">
         <name>_EPWM1_INT_ISR</name>
         <value>0x81ce</value>
         <object_component_ref idref="oc-69"/>
      </symbol>
      <symbol id="sm-1ae">
         <name>_USER2_ISR</name>
         <value>0x8160</value>
         <object_component_ref idref="oc-69"/>
      </symbol>
      <symbol id="sm-1b0">
         <name>_SCITXINTA_ISR</name>
         <value>0x8200</value>
         <object_component_ref idref="oc-69"/>
      </symbol>
      <symbol id="sm-1b2">
         <name>_SCIRXINTA_ISR</name>
         <value>0x81fb</value>
         <object_component_ref idref="oc-69"/>
      </symbol>
      <symbol id="sm-1b4">
         <name>_rsvd_ISR</name>
         <value>0x8232</value>
         <object_component_ref idref="oc-69"/>
      </symbol>
      <symbol id="sm-1ca">
         <name>_InitPieCtrl</name>
         <value>0x84e2</value>
         <object_component_ref idref="oc-d1"/>
      </symbol>
      <symbol id="sm-1cc">
         <name>_EnableInterrupts</name>
         <value>0x8501</value>
         <object_component_ref idref="oc-d1"/>
      </symbol>
      <symbol id="sm-1dd">
         <name>_PieVectTableInit</name>
         <value>0x8a08</value>
         <object_component_ref idref="oc-d7"/>
      </symbol>
      <symbol id="sm-1de">
         <name>_InitPieVectTable</name>
         <value>0x850a</value>
         <object_component_ref idref="oc-d2"/>
      </symbol>
      <symbol id="sm-1f4">
         <name>_InitPll</name>
         <value>0x802c</value>
         <object_component_ref idref="oc-d0"/>
      </symbol>
      <symbol id="sm-1f6">
         <name>_IntOsc1Sel</name>
         <value>0x80e3</value>
         <object_component_ref idref="oc-d0"/>
      </symbol>
      <symbol id="sm-1f8">
         <name>_ExtOscSel</name>
         <value>0x8122</value>
         <object_component_ref idref="oc-d0"/>
      </symbol>
      <symbol id="sm-1fa">
         <name>_DisableDog</name>
         <value>0x8024</value>
         <object_component_ref idref="oc-d0"/>
      </symbol>
      <symbol id="sm-1fc">
         <name>_InitPeripheralClocks</name>
         <value>0x8080</value>
         <object_component_ref idref="oc-d0"/>
      </symbol>
      <symbol id="sm-1fe">
         <name>_IntOsc2Sel</name>
         <value>0x80f3</value>
         <object_component_ref idref="oc-d0"/>
      </symbol>
      <symbol id="sm-200">
         <name>_CsmUnlock</name>
         <value>0x80b2</value>
         <object_component_ref idref="oc-d0"/>
      </symbol>
      <symbol id="sm-202">
         <name>_ServiceDog</name>
         <value>0x801a</value>
         <object_component_ref idref="oc-d0"/>
      </symbol>
      <symbol id="sm-204">
         <name>_XtalOscSel</name>
         <value>0x8107</value>
         <object_component_ref idref="oc-d0"/>
      </symbol>
      <symbol id="sm-206">
         <name>_InitSysCtrl</name>
         <value>0x8000</value>
         <object_component_ref idref="oc-d0"/>
      </symbol>
      <symbol id="sm-213">
         <name>_DSP28x_usDelay</name>
         <value>0xf3</value>
         <object_component_ref idref="oc-82"/>
      </symbol>
      <symbol id="sm-230">
         <name>_main</name>
         <value>0x8406</value>
         <object_component_ref idref="oc-cd"/>
      </symbol>
      <symbol id="sm-232">
         <name>_pwm</name>
         <value>0x8980</value>
         <object_component_ref idref="oc-cb"/>
      </symbol>
      <symbol id="sm-233">
         <name>_sine_table</name>
         <value>0x8900</value>
         <object_component_ref idref="oc-c9"/>
      </symbol>
      <symbol id="sm-234">
         <name>_index</name>
         <value>0x89fe</value>
         <object_component_ref idref="oc-89"/>
      </symbol>
      <symbol id="sm-235">
         <name>_isr_cpu_timer0</name>
         <value>0x8451</value>
         <object_component_ref idref="oc-8a"/>
      </symbol>
      <symbol id="sm-237">
         <name>_g</name>
         <value>0x89fc</value>
         <object_component_ref idref="oc-89"/>
      </symbol>
      <symbol id="sm-252">
         <name>_c_int00</name>
         <value>0x83b2</value>
         <object_component_ref idref="oc-33"/>
      </symbol>
      <symbol id="sm-253">
         <name>__stack</name>
         <value>0x400</value>
         <object_component_ref idref="oc-8f"/>
      </symbol>
      <symbol id="sm-264">
         <name>FS$$MPY</name>
         <value>0x8358</value>
         <object_component_ref idref="oc-95"/>
      </symbol>
      <symbol id="sm-277">
         <name>FS$$TOL</name>
         <value>0x84b9</value>
         <object_component_ref idref="oc-9a"/>
      </symbol>
      <symbol id="sm-286">
         <name>_copy_in</name>
         <value>0x8530</value>
         <object_component_ref idref="oc-c5"/>
      </symbol>
      <symbol id="sm-298">
         <name>_memcpy</name>
         <value>0x8554</value>
         <object_component_ref idref="oc-cc"/>
      </symbol>
      <symbol id="sm-2a5">
         <name>__system_pre_init</name>
         <value>0x8593</value>
         <object_component_ref idref="oc-c4"/>
      </symbol>
      <symbol id="sm-2b3">
         <name>__system_post_cinit</name>
         <value>0x8595</value>
         <object_component_ref idref="oc-c6"/>
      </symbol>
      <symbol id="sm-2c8">
         <name>C$$EXIT</name>
         <value>0x8490</value>
         <object_component_ref idref="oc-c8"/>
      </symbol>
      <symbol id="sm-2c9">
         <name>_exit</name>
         <value>0x8492</value>
         <object_component_ref idref="oc-c8"/>
      </symbol>
      <symbol id="sm-2cb">
         <name>___TI_cleanup_ptr</name>
         <value>0x8a02</value>
         <object_component_ref idref="oc-b5"/>
      </symbol>
      <symbol id="sm-2cc">
         <name>___TI_enable_exit_profile_output</name>
         <value>0x8a00</value>
         <object_component_ref idref="oc-b5"/>
      </symbol>
      <symbol id="sm-2cd">
         <name>_abort</name>
         <value>0x8490</value>
         <object_component_ref idref="oc-c8"/>
      </symbol>
      <symbol id="sm-2cf">
         <name>___TI_dtors_ptr</name>
         <value>0x8a04</value>
         <object_component_ref idref="oc-b5"/>
      </symbol>
      <symbol id="sm-2e3">
         <name>__unlock</name>
         <value>0x8a06</value>
         <object_component_ref idref="oc-d8"/>
      </symbol>
      <symbol id="sm-2e4">
         <name>__lock</name>
         <value>0x897e</value>
         <object_component_ref idref="oc-ce"/>
      </symbol>
      <symbol id="sm-2e5">
         <name>__register_lock</name>
         <value>0x8586</value>
         <object_component_ref idref="oc-d5"/>
      </symbol>
      <symbol id="sm-2e7">
         <name>__nop</name>
         <value>0x858a</value>
         <object_component_ref idref="oc-d5"/>
      </symbol>
      <symbol id="sm-2e9">
         <name>__register_unlock</name>
         <value>0x8582</value>
         <object_component_ref idref="oc-d5"/>
      </symbol>
      <symbol id="sm-2f9">
         <name>__args_main</name>
         <value>0x8571</value>
         <object_component_ref idref="oc-c7"/>
      </symbol>
   </symbol_table>
   <title>Link successful</title>
</link_info>
